Command: C:\Espressif\python_env\idf5.5_py3.11_env\Scripts\python.exe C:\Users\rapee\esp\v5.5.1\esp-idf\tools/idf_monitor.py -p COM3 -b 115200 --toolchain-prefix xtensa-esp32-elf- --target esp32 --revision 0 D:\github\Week-13-FreeRTOS_Worksheets\05-timers\practice\lab1-basic-timers\software_timers\build\software_timers.elf D:\github\Week-13-FreeRTOS_Worksheets\05-timers\practice\lab1-basic-timers\software_timers\build\bootloader\bootloader.elf --force-color -m 'C:\Espressif\python_env\idf5.5_py3.11_env\Scripts\python.exe' 'C:\Users\rapee\esp\v5.5.1\esp-idf\tools\idf.py'
v:0x00,q_drvï¿½ï¿½
[0;32mI (51) boot: ## Label            Usage          Type ST Offset   Length[0m
[0;32mI (58)ets Jul 29 2019 12:21:46[0m

rst:0x1 (POWERON_RESET),boot:0x12 (SPI_FAST_FLASH_BOOT)
configsip: 0, SPIWP:0xee
clk_drv:0x00,q_drv:0x00,d_drv:0x00,cs0_drv:0x00,hd_drv:0x00,wp_drv:0x00
mode:DIO, clock div:2
load:0x3fff0030,len:6380
ho 0 tail 12 room 4
load:0x40078000,len:15916
load:0x40080400,len:3860
entry 0x40080638
[0;32mI (29) boot: ESP-IDF v5.5.1 2nd stage bootloader[0m
[0;32mI (29) boot: compile time Oct 23 2025 01:42:51[0m
[0;32mI (29) boot: Multicore bootloader[0m
[0;32mI (31) boot: chip revision: v3.0[0m
[0;32mI (33) boot.esp32: SPI Speed      : 40MHz[0m
[0;32mI (37) boot.esp32: SPI Mode       : DIO[0m
[0;32mI (41) boot.esp32: SPI Flash Size : 2MB[0m
[0;32mI (44) boot: Enabling RNG early entropy source...[0m
[0;32mI (49) boot: Partition Table:[0m
[0;32mI (51) boot: ## Label            Usage          Type ST Offset   Length[0m
[0;32mI (58) boot:  0 nvs              WiFi data        01 02 00009000 00006000[0m
[0;32mI (64) boot:  1 phy_init         RF data          01 01 0000f000 00001000[0m
[0;32mI (71) boot:  2 factory          factory app      00 00 00010000 00100000[0m
[0;32mI (77) boot: End of partition table[0m
[0;32mI (81) esp_image: segment 0: paddr=00010020 vaddr=3f400020 size=0a2d8h ( 41688) map[0m
[0;32mI (102) esp_image: segment 1: paddr=0001a300 vaddr=3ffb0000 size=02408h (  9224) load[0m
[0;32mI (106) esp_image: segment 2: paddr=0001c710 vaddr=40080000 size=03908h ( 14600) load[0m
[0;32mI (112) esp_image: segment 3: paddr=00020020 vaddr=400d0020 size=140b0h ( 82096) map[0m
[0;32mI (142) esp_image: segment 4: paddr=000340d8 vaddr=40083908 size=09eb0h ( 40624) load[0m
[0;32mI (158) esp_image: segment 5: paddr=0003df90 vaddr=50000000 size=00020h (    32) load[0m
[0;32mI (165) boot: Loaded app from partition at offset 0x10000[0m
[0;32mI (165) boot: Disabling RNG early entropy source...[0m
[0;32mI (176) cpu_start: Multicore app[0m
[0;32mI (184) cpu_start: Pro cpu start user code[0m
[0;32mI (184) cpu_start: cpu freq: 160000000 Hz[0m
[0;32mI (184) app_init: Application information:[0m
[0;32mI (185) app_init: Project name:     software_timers[0m
[0;32mI (189) app_init: App version:      f7526bb[0m
[0;32mI (193) app_init: Compile time:     Oct 23 2025 01:41:26[0m
[0;32mI (198) app_init: ELF file SHA256:  7f934576b...[0m
[0;32mI (202) app_init: ESP-IDF:          v5.5.1[0m
[0;32mI (206) efuse_init: Min chip rev:     v0.0[0m
[0;32mI (210) efuse_init: Max chip rev:     v3.99 [0m
[0;32mI (214) efuse_init: Chip rev:         v3.0[0m
[0;32mI (218) heap_init: Initializing. RAM available for dynamic allocation:[0m
[0;32mI (224) heap_init: At 3FFAE6E0 len 00001920 (6 KiB): DRAM[0m
[0;32mI (229) heap_init: At 3FFB2E30 len 0002D1D0 (180 KiB): DRAM[0m
[0;32mI (234) heap_init: At 3FFE0440 len 00003AE0 (14 KiB): D/IRAM[0m
[0;32mI (240) heap_init: At 3FFE4350 len 0001BCB0 (111 KiB): D/IRAM[0m
[0;32mI (245) heap_init: At 4008D7B8 len 00012848 (74 KiB): IRAM[0m
[0;32mI (252) spi_flash: detected chip: generic[0m
[0;32mI (254) spi_flash: flash io: dio[0m
[0;33mW (257) spi_flash: Detected size(4096k) larger than the size in the binary image header(2048k). Using the size in the binary image header.[0m
[0;32mI (270) main_task: Started on CPU0[0m
[0;32mI (280) main_task: Calling app_main()[0m
[0;32mI (280) SW_TIMERS: Software Timers Lab Starting...[0m
[0;32mI (280) SW_TIMERS: âœ… All timers started successfully[0m
[0;32mI (280) main_task: Returned from app_main()[0m
[0;32mI (780) SW_TIMERS: ğŸ’« Blink Timer: Toggle #1 (LED: ON)[0m
[0;32mI (1280) SW_TIMERS: ğŸ’« Blink Timer: Toggle #2 (LED: OFF)[0m
[0;32mI (1780) SW_TIMERS: ğŸ’« Blink Timer: Toggle #3 (LED: ON)[0m
[0;32mI (2280) SW_TIMERS: ğŸ’“ Heartbeat Timer: Beat #1[0m
[0;32mI (2580) SW_TIMERS: ğŸ”§ Adjusting blink period to 458ms[0m
[0;32mI (3030) SW_TIMERS: ğŸ’« Blink Timer: Toggle #4 (LED: OFF)[0m
[0;32mI (3480) SW_TIMERS: ğŸ’« Blink Timer: Toggle #5 (LED: ON)[0m
I (3930) SW_TIMERS: ğŸ’« Blink Timer: Toggle #6 (LED: OFF)
[0;32mI (4280) SW_TIMERS: ğŸ’“ Heartbeat Timer: Beat #2[0m
[0;32mI (4580) SW_TIMERS: ğŸ’« Blink Timer: Toggle #7 (LED: ON)[0m
[0;32mI (4830) SW_TIMERS: ğŸ’« Blink Timer: Toggle #8 (LED: OFF)[0m
[0;32mI (5280) SW_TIMERS: ğŸ“Š Status Timer: Update #1[0m
[0;32mI (5480) SW_TIMERS: â•â•â• TIMER STATISTICS â•â•â•[0m
[0;32mI (5480) SW_TIMERS: Blink events:     8[0m
[0;32mI (5480) SW_TIMERS: Heartbeat events: 2[0m
[0;32mI (5480) SW_TIMERS: Status updates:   1[0m
[0;32mI (5480) SW_TIMERS: One-shot events:  0[0m
[0;32mI (5480) SW_TIMERS: Dynamic events:   0[0m
[0;32mI (5490) SW_TIMERS: â•â•â•â•â•â•â•â•â•â•â•â•â•â•â•â•â•â•â•â•â•â•â•[0m
[0;32mI (5490) SW_TIMERS: ğŸ’« Blink Timer: Toggle #9 (LED: ON)[0m
[0;32mI (5730) SW_TIMERS: ğŸ’« Blink Timer: Toggle #10 (LED: OFF)[0m
[0;32mI (6180) SW_TIMERS: ğŸ’« Blink Timer: Toggle #11 (LED: ON)[0m
[0;32mI (6280) SW_TIMERS: ğŸ’“ Heartbeat Timer: Beat #3[0m
[0;32mI (6630) SW_TIMERS: ğŸ’« Blink Timer: Toggle #12 (LED: OFF)[0m
[0;32mI (7080) SW_TIMERS: ğŸ’« Blink Timer: Toggle #13 (LED: ON)[0m
[0;32mI (7530) SW_TIMERS: ğŸ’« Blink Timer: Toggle #14 (LED: OFF)[0m
[0;32mI (7980) SW_TIMERS: ğŸ’« Blink Timer: Toggle #15 (LED: ON)[0m
[0;32mI (8280) SW_TIMERS: ğŸ’“ Heartbeat Timer: Beat #4[0m
[0;32mI (8580) SW_TIMERS: ğŸ”§ Adjusting blink period to 387ms[0m
[0;32mI (8960) SW_TIMERS: ğŸ’« Blink Timer: Toggle #16 (LED: OFF)[0m
[0;32mI (9340) SW_TIMERS: ğŸ’« Blink Timer: Toggle #17 (LED: ON)[0m
[0;32mI (9720) SW_TIMERS: ğŸ’« Blink Timer: Toggle #18 (LED: OFF)[0m
[0;32mI (10100) SW_TIMERS: ğŸ’« Blink Timer: Toggle #19 (LED: ON)[0m
[0;32mI (10280) SW_TIMERS: ğŸ“Š Status Timer: Update #2[0m
[0;32mI (10480) SW_TIMERS: â•â•â• TIMER STATISTICS â•â•â•[0m
[0;32mI (10480) SW_TIMERS: Blink events:     19[0m
[0;32mI (10480) SW_TIMERS: Heartbeat events: 4[0m
[0;32mI (10480) SW_TIMERS: Status updates:   2[0m
[0;32mI (10480) SW_TIMERS: One-shot events:  0[0m
[0;32mI (10480) SW_TIMERS: Dynamic events:   0[0m
[0;32mI (10490) SW_TIMERS: â•â•â•â•â•â•â•â•â•â•â•â•â•â•â•â•â•â•â•â•â•â•â•[0m
[0;32mI (10500) SW_TIMERS: ğŸ’“ Heartbeat Timer: Beat #5[0m
[0;32mI (10800) SW_TIMERS: ğŸ’« Blink Timer: Toggle #20 (LED: OFF)[0m
[0;32mI (10800) SW_TIMERS: ğŸš€ Creating one-shot timer (3 second delay)[0m
[0;32mI (10860) SW_TIMERS: ğŸ’« Blink Timer: Toggle #21 (LED: ON)[0m
[0;32mI (11240) SW_TIMERS: ğŸ’« Blink Timer: Toggle #22 (LED: OFF)[0m
[0;32mI (11620) SW_TIMERS: ğŸ’« Blink Timer: Toggle #23 (LED: ON)[0m
[0;32mI (12000) SW_TIMERS: ğŸ’« Blink Timer: Toggle #24 (LED: OFF)[0m
[0;32mI (12280) SW_TIMERS: ğŸ’“ Heartbeat Timer: Beat #6[0m
[0;32mI (12580) SW_TIMERS: ğŸ’« Blink Timer: Toggle #25 (LED: ON)[0m
[0;32mI (12760) SW_TIMERS: ğŸ’« Blink Timer: Toggle #26 (LED: OFF)[0m
[0;32mI (13140) SW_TIMERS: ğŸ’« Blink Timer: Toggle #27 (LED: ON)[0m
[0;32mI (13520) SW_TIMERS: ğŸ’« Blink Timer: Toggle #28 (LED: OFF)[0m
[0;32mI (13800) SW_TIMERS: âš¡ One-shot Timer: Event #1[0m
[0;32mI (14300) SW_TIMERS: ğŸ² Creating dynamic timer (period: 2536ms)[0m
[0;32mI (14300) SW_TIMERS: ğŸ’« Blink Timer: Toggle #29 (LED: ON)[0m
[0;32mI (14300) SW_TIMERS: ğŸ’« Blink Timer: Toggle #30 (LED: OFF)[0m
[0;32mI (14300) SW_TIMERS: ğŸ’“ Heartbeat Timer: Beat #7[0m
[0;32mI (14660) SW_TIMERS: ğŸ’« Blink Timer: Toggle #31 (LED: ON)[0m
[0;32mI (15040) SW_TIMERS: ğŸ’« Blink Timer: Toggle #32 (LED: OFF)[0m
[0;32mI (15280) SW_TIMERS: [0m
ğŸ›ï¸ TIMER CONTROL: Performing maintenance...
[0;32mI (15280) SW_TIMERS: ğŸ”„ Reset status timer[0m
[0;32mI (15420) SW_TIMERS: ğŸ’« Blink Timer: Toggle #33 (LED: ON)[0m
[0;32mI (15800) SW_TIMERS: ğŸ’« Blink Timer: Toggle #34 (LED: OFF)[0m
[0;32mI (16180) SW_TIMERS: ğŸ’« Blink Timer: Toggle #35 (LED: ON)[0m
