Command: C:\Espressif\python_env\idf5.5_py3.11_env\Scripts\python.exe C:\Users\rapee\esp\v5.5.1\esp-idf\tools/idf_monitor.py -p COM3 -b 115200 --toolchain-prefix xtensa-esp32-elf- --target esp32 --revision 0 D:\github\Week-13-FreeRTOS_Worksheets\04-semaphores\practice\lab2-mutex-critical-sections\mutex-critical-sections\build\mutex-critical-sections.elf D:\github\Week-13-FreeRTOS_Worksheets\04-semaphores\practice\lab2-mutex-critical-sections\mutex-critical-sections\build\bootloader\bootloader.elf --force-color -m 'C:\Espressif\python_env\idf5.5_py3.11_env\Scripts\python.exe' 'C:\Users\rapee\esp\v5.5.1\esp-idf\tools\idf.py'
)
configsip: 0, SPIWP:0xee
clk_drv:0x00,q_drv:0x00,d_drv:0x00,cs0_drv:0x00,hd_dHÔøΩÕÖÔøΩÔøΩÔøΩ         Type ST Offset   Length
[0;32mI (58) boot:  0 nvs              WiFi data        01 02 00009000 00006000[0m
[0;32mI (64) boot:  1 phy_init         RÔøΩets Jul 29 2019 12:21:46[0m

rst:0x1 (POWERON_RESET),boot:0x12 (SPI_FAST_FLASH_BOOT)
configsip: 0, SPIWP:0xee
clk_drv:0x00,q_drv:0x00,d_drv:0x00,cs0_drv:0x00,hd_drv:0x00,wp_drv:0x00
mode:DIO, clock div:2
load:0x3fff0030,len:6380
ho 0 tail 12 room 4
load:0x40078000,len:15916
load:0x40080400,len:3860
entry 0x40080638
[0;32mI (29) boot: ESP-IDF v5.5.1 2nd stage bootloader[0m
[0;32mI (29) boot: compile time Oct 23 2025 01:16:49[0m
[0;32mI (29) boot: Multicore bootloader[0m
[0;32mI (31) boot: chip revision: v3.0[0m
[0;32mI (33) boot.esp32: SPI Speed      : 40MHz[0m
[0;32mI (37) boot.esp32: SPI Mode       : DIO[0m
[0;32mI (41) boot.esp32: SPI Flash Size : 2MB[0m
[0;32mI (44) boot: Enabling RNG early entropy source...[0m
[0;32mI (49) boot: Partition Table:[0m
[0;32mI (51) boot: ## Label            Usage          Type ST Offset   Length[0m
[0;32mI (58) boot:  0 nvs              WiFi data        01 02 00009000 00006000[0m
[0;32mI (64) boot:  1 phy_init         RF data          01 01 0000f000 00001000[0m
[0;32mI (71) boot:  2 factory          factory app      00 00 00010000 00100000[0m
[0;32mI (77) boot: End of partition table[0m
[0;32mI (81) esp_image: segment 0: paddr=00010020 vaddr=3f400020 size=0a2c0h ( 41664) map[0m
[0;32mI (102) esp_image: segment 1: paddr=0001a2e8 vaddr=3ffb0000 size=023f8h (  9208) load[0m
[0;32mI (106) esp_image: segment 2: paddr=0001c6e8 vaddr=40080000 size=03930h ( 14640) load[0m
[0;32mI (112) esp_image: segment 3: paddr=00020020 vaddr=400d0020 size=17190h ( 94608) map[0m
[0;32mI (146) esp_image: segment 4: paddr=000371b8 vaddr=40083930 size=096c8h ( 38600) load[0m
[0;32mI (161) esp_image: segment 5: paddr=00040888 vaddr=50000000 size=00020h (    32) load[0m
[0;32mI (168) boot: Loaded app from partition at offset 0x10000[0m
[0;32mI (168) boot: Disabling RNG early entropy source...[0m
[0;32mI (179) cpu_start: Multicore app[0m
[0;32mI (188) cpu_start: Pro cpu start user code[0m
[0;32mI (188) cpu_start: cpu freq: 160000000 Hz[0m
[0;32mI (188) app_init: Application information:[0m
[0;32mI (188) app_init: Project name:     mutex-critical-sections[0m
[0;32mI (193) app_init: App version:      f7526bb[0m
[0;32mI (197) app_init: Compile time:     Oct 23 2025 01:14:54[0m
[0;32mI (202) app_init: ELF file SHA256:  23eafda73...[0m
[0;32mI (207) app_init: ESP-IDF:          v5.5.1[0m
[0;32mI (210) efuse_init: Min chip rev:     v0.0[0m
[0;32mI (214) efuse_init: Max chip rev:     v3.99 [0m
[0;32mI (218) efuse_init: Chip rev:         v3.0[0m
[0;32mI (222) heap_init: Initializing. RAM available for dynamic allocation:[0m
[0;32mI (228) heap_init: At 3FFAE6E0 len 00001920 (6 KiB): DRAM[0m
[0;32mI (233) heap_init: At 3FFB2D48 len 0002D2B8 (180 KiB): DRAM[0m
[0;32mI (239) heap_init: At 3FFE0440 len 00003AE0 (14 KiB): D/IRAM[0m
[0;32mI (244) heap_init: At 3FFE4350 len 0001BCB0 (111 KiB): D/IRAM[0m
[0;32mI (250) heap_init: At 4008CFF8 len 00013008 (76 KiB): IRAM[0m
[0;32mI (256) spi_flash: detected chip: generic[0m
[0;32mI (258) spi_flash: flash io: dio[0m
[0;33mW (261) spi_flash: Detected size(4096k) larger than the size in the binary image header(2048k). Using the size in the binary image header.[0m
[0;32mI (274) main_task: Started on CPU0[0m
[0;32mI (284) main_task: Calling app_main()[0m
[0;32mI (284) MUTEX_LAB: Mutex & Critical Sections Lab Starting...[0m
[0;32mI (284) MUTEX_LAB: High Priority Task started[0m
[0;32mI (284) MUTEX_LAB: [HIGH_PRI] Requesting access...[0m
[0;32mI (284) MUTEX_LAB: [HIGH_PRI] Current: #0, 'Initial state'[0m
[0;32mI (294) MUTEX_LAB: Medium Priority Task started[0m
[0;32mI (294) MUTEX_LAB: [MED_PRI] Requesting access...[0m
[0;32mI (304) MUTEX_LAB: Low Priority Task started[0m
[0;32mI (304) MUTEX_LAB: [LOW_PRI] Requesting access...[0m
[0;32mI (314) MUTEX_LAB: All tasks created successfully[0m
[0;32mI (314) main_task: Returned from app_main()[0m
[0;32mI (324) MUTEX_LAB: Monitor started[0m
[0;32mI (814) MUTEX_LAB: [HIGH_PRI] ‚úì Updated shared resource[0m
[0;32mI (1064) MUTEX_LAB: [MED_PRI] Current: #1, 'Modified by HIGH_PRI #1'[0m
[0;32mI (1814) MUTEX_LAB: [MED_PRI] ‚úì Updated shared resource[0m
[0;32mI (2334) MUTEX_LAB: [LOW_PRI] Current: #2, 'Modified by MED_PRI #2'[0m
[0;32mI (3584) MUTEX_LAB: [LOW_PRI] ‚úì Updated shared resource[0m
[0;32mI (5674) MUTEX_LAB: [MED_PRI] Requesting access...[0m
[0;32mI (5674) MUTEX_LAB: [MED_PRI] Current: #3, 'Modified by LOW_PRI #3'[0m
[0;32mI (6524) MUTEX_LAB: [LOW_PRI] Requesting access...[0m
[0;32mI (6894) MUTEX_LAB: [MED_PRI] ‚úì Updated shared resource[0m
[0;32mI (7424) MUTEX_LAB: [LOW_PRI] Current: #4, 'Modified by MED_PRI #4'[0m
[0;32mI (7954) MUTEX_LAB: [LOW_PRI] ‚úì Updated shared resource[0m
[0;32mI (7974) MUTEX_LAB: [HIGH_PRI] Requesting access...[0m
[0;32mI (8634) MUTEX_LAB: [HIGH_PRI] Current: #5, 'Modified by LOW_PRI #5'[0m
[0;32mI (9844) MUTEX_LAB: [HIGH_PRI] ‚úì Updated shared resource[0m
[0;32mI (10324) MUTEX_LAB: [0m
‚ïê‚ïê‚ïê MUTEX MONITOR ‚ïê‚ïê‚ïê
[0;32mI (10324) MUTEX_LAB: Counter: 6[0m
[0;32mI (10324) MUTEX_LAB: Buffer:  Modified by HIGH_PRI #6[0m
[0;32mI (10324) MUTEX_LAB: Access count: 6[0m
[0;32mI (10324) MUTEX_LAB: Stats: success=6, failed=0, corrupt=0, rate=100.0%[0m
[0;32mI (10334) MUTEX_LAB: ‚ïê‚ïê‚ïê‚ïê‚ïê‚ïê‚ïê‚ïê‚ïê‚ïê‚ïê‚ïê‚ïê‚ïê‚ïê‚ïê‚ïê‚ïê‚ïê‚ïê‚ïê‚ïê‚ïê‚ïê‚ïê[0m

