Command: C:\Espressif\python_env\idf5.5_py3.11_env\Scripts\python.exe C:\Users\rapee\esp\v5.5.1\esp-idf\tools/idf_monitor.py -p COM3 -b 115200 --toolchain-prefix xtensa-esp32-elf- --target esp32 --revision 0 D:\github\Week-13-FreeRTOS_Worksheets\04-semaphores\practice\lab3-counting-semaphores\mutex-critical-sections\build\mutex-critical-sections.elf D:\github\Week-13-FreeRTOS_Worksheets\04-semaphores\practice\lab3-counting-semaphores\mutex-critical-sections\build\bootloader\bootloader.elf --force-color -m 'C:\Espressif\python_env\idf5.5_py3.11_env\Scripts\python.exe' 'C:\Users\rapee\esp\v5.5.1\esp-idf\tools\idf.py'
)
configsip: 0, SPIWP:0xee
clk_drv:0x00,q_drv:0x00,d_drv:0x00,cs0_drv:0x00,hd_d   Usage          Type ST Offset   Length
[0;32mI (58) boot:  0 nvs              WiFi data        01 02 00009000 00006000[0m
[0;32mI (64) boot:  1 phy_init         RÔøΩets Jul 29 2019 12:21:46[0m

rst:0x1 (POWERON_RESET),boot:0x12 (SPI_FAST_FLASH_BOOT)
configsip: 0, SPIWP:0xee
clk_drv:0x00,q_drv:0x00,d_drv:0x00,cs0_drv:0x00,hd_drv:0x00,wp_drv:0x00
mode:DIO, clock div:2
load:0x3fff0030,len:6380
ho 0 tail 12 room 4
load:0x40078000,len:15916
load:0x40080400,len:3860
entry 0x40080638
[0;32mI (29) boot: ESP-IDF v5.5.1 2nd stage bootloader[0m
[0;32mI (29) boot: compile time Oct 23 2025 01:30:59[0m
[0;32mI (29) boot: Multicore bootloader[0m
[0;32mI (31) boot: chip revision: v3.0[0m
[0;32mI (33) boot.esp32: SPI Speed      : 40MHz[0m
[0;32mI (37) boot.esp32: SPI Mode       : DIO[0m
[0;32mI (41) boot.esp32: SPI Flash Size : 2MB[0m
[0;32mI (44) boot: Enabling RNG early entropy source...[0m
[0;32mI (49) boot: Partition Table:[0m
[0;32mI (51) boot: ## Label            Usage          Type ST Offset   Length[0m
[0;32mI (58) boot:  0 nvs              WiFi data        01 02 00009000 00006000[0m
[0;32mI (64) boot:  1 phy_init         RF data          01 01 0000f000 00001000[0m
[0;32mI (71) boot:  2 factory          factory app      00 00 00010000 00100000[0m
[0;32mI (77) boot: End of partition table[0m
[0;32mI (81) esp_image: segment 0: paddr=00010020 vaddr=3f400020 size=0a368h ( 41832) map[0m
[0;32mI (102) esp_image: segment 1: paddr=0001a390 vaddr=3ffb0000 size=02478h (  9336) load[0m
[0;32mI (106) esp_image: segment 2: paddr=0001c810 vaddr=40080000 size=03808h ( 14344) load[0m
[0;32mI (112) esp_image: segment 3: paddr=00020020 vaddr=400d0020 size=17314h ( 94996) map[0m
[0;32mI (146) esp_image: segment 4: paddr=0003733c vaddr=40083808 size=09870h ( 39024) load[0m
[0;32mI (162) esp_image: segment 5: paddr=00040bb4 vaddr=50000000 size=00020h (    32) load[0m
[0;32mI (168) boot: Loaded app from partition at offset 0x10000[0m
[0;32mI (168) boot: Disabling RNG early entropy source...[0m
[0;32mI (180) cpu_start: Multicore app[0m
[0;32mI (188) cpu_start: Pro cpu start user code[0m
[0;32mI (188) cpu_start: cpu freq: 160000000 Hz[0m
[0;32mI (188) app_init: Application information:[0m
[0;32mI (188) app_init: Project name:     mutex-critical-sections[0m
[0;32mI (194) app_init: App version:      f7526bb[0m
[0;32mI (197) app_init: Compile time:     Oct 23 2025 01:29:32[0m
[0;32mI (202) app_init: ELF file SHA256:  74fa935f4...[0m
[0;32mI (207) app_init: ESP-IDF:          v5.5.1[0m
[0;32mI (211) efuse_init: Min chip rev:     v0.0[0m
[0;32mI (214) efuse_init: Max chip rev:     v3.99 [0m
[0;32mI (218) efuse_init: Chip rev:         v3.0[0m
[0;32mI (223) heap_init: Initializing. RAM available for dynamic allocation:[0m
[0;32mI (229) heap_init: At 3FFAE6E0 len 00001920 (6 KiB): DRAM[0m
[0;32mI (234) heap_init: At 3FFB2D58 len 0002D2A8 (180 KiB): DRAM[0m
[0;32mI (239) heap_init: At 3FFE0440 len 00003AE0 (14 KiB): D/IRAM[0m
[0;32mI (244) heap_init: At 3FFE4350 len 0001BCB0 (111 KiB): D/IRAM[0m
[0;32mI (250) heap_init: At 4008D078 len 00012F88 (75 KiB): IRAM[0m
[0;32mI (257) spi_flash: detected chip: generic[0m
[0;32mI (259) spi_flash: flash io: dio[0m
[0;33mW (262) spi_flash: Detected size(4096k) larger than the size in the binary image header(2048k). Using the size in the binary image header.[0m
[0;32mI (275) main_task: Started on CPU0[0m
[0;32mI (285) main_task: Calling app_main()[0m
[0;32mI (285) COUNTING_SEM: Counting Semaphores Lab Starting...[0m
[0;32mI (285) COUNTING_SEM: Producer1 started[0m
[0;32mI (285) COUNTING_SEM: üè≠ Producer1: Requesting resource...[0m
[0;32mI (295) COUNTING_SEM: Producer2 started[0m
[0;32mI (295) COUNTING_SEM: üè≠ Producer2: Requesting resource...[0m
[0;32mI (295) COUNTING_SEM: Producer3 started[0m
[0;32mI (305) COUNTING_SEM: üè≠ Producer3: Requesting resource...[0m
[0;32mI (305) COUNTING_SEM: Producer4 started[0m
[0;32mI (315) COUNTING_SEM: üè≠ Producer4: Requesting resource...[0m
[0;32mI (315) COUNTING_SEM: Producer5 started[0m
[0;32mI (325) COUNTING_SEM: üè≠ Producer5: Requesting resource...[0m
[0;32mI (325) COUNTING_SEM: Resource monitor started[0m
[0;32mI (335) COUNTING_SEM: Load generator started[0m
[0;32mI (335) COUNTING_SEM: Statistics task started[0m
[0;32mI (335) COUNTING_SEM: System operational with 3 resources, 5 producers[0m
[0;32mI (345) COUNTING_SEM: ‚úì Producer1: Acquired resource 1 (wait 0ms)[0m
[0;32mI (345) COUNTING_SEM: ‚úì Producer2: Acquired resource 2 (wait 0ms)[0m
[0;32mI (355) COUNTING_SEM: ‚úì Producer3: Acquired resource 3 (wait 0ms)[0m
[0;32mI (355) main_task: Returned from app_main()[0m
[0;32mI (1495) COUNTING_SEM: ‚úì Producer3: Released resource 3[0m
[0;32mI (1495) COUNTING_SEM: ‚úì Producer4: Acquired resource 3 (wait 1130ms)[0m
[0;32mI (2025) COUNTING_SEM: ‚úì Producer1: Released resource 1[0m
[0;32mI (2025) COUNTING_SEM: ‚úì Producer5: Acquired resource 1 (wait 1650ms)[0m
[0;32mI (3035) COUNTING_SEM: ‚úì Producer2: Released resource 2[0m
[0;32mI (3685) COUNTING_SEM: ‚úì Producer5: Released resource 1[0m
[0;32mI (5085) COUNTING_SEM: üè≠ Producer3: Requesting resource...[0m
[0;32mI (5135) COUNTING_SEM: ‚úì Producer3: Acquired resource 1 (wait 0ms)[0m
[0;32mI (5205) COUNTING_SEM: ‚úì Producer4: Released resource 3[0m
[0;32mI (5325) COUNTING_SEM: [0m
üìä RESOURCE STATUS (2 free of 3)
[0;32mI (5325) COUNTING_SEM:   Resource 1 BUSY by Producer3[0m
[0;32mI (5325) COUNTING_SEM:   Resource 2 FREE[0m
[0;32mI (5325) COUNTING_SEM:   Resource 3 FREE[0m
Pool: [‚ñ†‚ñ°‚ñ°]
[0;32mI (6015) COUNTING_SEM: üè≠ Producer1: Requesting resource...[0m
[0;32mI (6065) COUNTING_SEM: ‚úì Producer1: Acquired resource 2 (wait 0ms)[0m
[0;32mI (6245) COUNTING_SEM: üè≠ Producer5: Requesting resource...[0m
[0;32mI (6295) COUNTING_SEM: ‚úì Producer5: Acquired resource 3 (wait 0ms)[0m
[0;32mI (6485) COUNTING_SEM: üè≠ Producer2: Requesting resource...[0m
[0;32mI (6655) COUNTING_SEM: ‚úì Producer3: Released resource 1[0m
[0;32mI (6655) COUNTING_SEM: ‚úì Producer2: Acquired resource 1 (wait 120ms)[0m
[0;32mI (7275) COUNTING_SEM: üè≠ Producer4: Requesting resource...[0m
[0;32mI (8975) COUNTING_SEM: ‚úì Producer5: Released resource 3[0m
[0;32mI (8975) COUNTING_SEM: ‚úì Producer4: Acquired resource 3 (wait 1650ms)[0m
[0;32mI (9375) COUNTING_SEM: ‚úì Producer1: Released resource 2[0m
[0;32mI (9995) COUNTING_SEM: ‚úì Producer2: Released resource 1[0m
[0;32mI (10325) COUNTING_SEM: [0m
üìä RESOURCE STATUS (2 free of 3)
[0;32mI (10325) COUNTING_SEM:   Resource 1 FREE[0m
[0;32mI (10325) COUNTING_SEM:   Resource 2 FREE[0m
[0;32mI (10325) COUNTING_SEM:   Resource 3 BUSY by Producer4[0m
Pool: [‚ñ°‚ñ°‚ñ†]
[0;32mI (11585) COUNTING_SEM: üè≠ Producer3: Requesting resource...[0m
[0;32mI (11635) COUNTING_SEM: ‚úì Producer3: Acquired resource 1 (wait 0ms)[0m
