Command: C:\Espressif\python_env\idf5.5_py3.11_env\Scripts\python.exe C:\Users\rapee\esp\v5.5.1\esp-idf\tools/idf_monitor.py -p COM3 -b 115200 --toolchain-prefix xtensa-esp32-elf- --target esp32 --revision 0 D:\github\Week-13-FreeRTOS_Worksheets\01-freertos-overview\practice\lab2-hello-world\logging_demo\build\logging_demo.elf D:\github\Week-13-FreeRTOS_Worksheets\01-freertos-overview\practice\lab2-hello-world\logging_demo\build\bootloader\bootloader.elf --force-color -m 'C:\Espressif\python_env\idf5.5_py3.11_env\Scripts\python.exe' 'C:\Users\rapee\esp\v5.5.1\esp-idf\tools\idf.py'
_FLASH_BOOT)
configsipï¿½ï¿½ï¿½ï¿½..
[0;32mI (49) boot: Partition Table:[0m
[0;32mI (51) boot: ## Label            Usage          Type ST Offset   Length[0m
[0;32mI (58) boot:  0 nvs         ï¿½ets Jul 29 2019 12:21:46[0m

rst:0x1 (POWERON_RESET),boot:0x13 (SPI_FAST_FLASH_BOOT)
configsip: 0, SPIWP:0xee
clk_drv:0x00,q_drv:0x00,d_drv:0x00,cs0_drv:0x00,hd_drv:0x00,wp_drv:0x00
mode:DIO, clock div:2
load:0x3fff0030,len:6380
ho 0 tail 12 room 4
load:0x40078000,len:15916
load:0x40080400,len:3860
entry 0x40080638
[0;32mI (29) boot: ESP-IDF v5.5.1 2nd stage bootloader[0m
[0;32mI (29) boot: compile time Oct 22 2025 22:53:33[0m
[0;32mI (29) boot: Multicore bootloader[0m
[0;32mI (31) boot: chip revision: v3.0[0m
[0;32mI (33) boot.esp32: SPI Speed      : 40MHz[0m
[0;32mI (37) boot.esp32: SPI Mode       : DIO[0m
[0;32mI (41) boot.esp32: SPI Flash Size : 2MB[0m
[0;32mI (44) boot: Enabling RNG early entropy source...[0m
[0;32mI (49) boot: Partition Table:[0m
[0;32mI (51) boot: ## Label            Usage          Type ST Offset   Length[0m
[0;32mI (58) boot:  0 nvs              WiFi data        01 02 00009000 00006000[0m
[0;32mI (64) boot:  1 phy_init         RF data          01 01 0000f000 00001000[0m
[0;32mI (71) boot:  2 factory          factory app      00 00 00010000 00100000[0m
[0;32mI (77) boot: End of partition table[0m
[0;32mI (81) esp_image: segment 0: paddr=00010020 vaddr=3f400020 size=0a25ch ( 41564) map[0m
[0;32mI (102) esp_image: segment 1: paddr=0001a284 vaddr=3ffb0000 size=024c4h (  9412) load[0m
[0;32mI (106) esp_image: segment 2: paddr=0001c750 vaddr=40080000 size=038c8h ( 14536) load[0m
[0;32mI (112) esp_image: segment 3: paddr=00020020 vaddr=400d0020 size=16480h ( 91264) map[0m
[0;32mI (145) esp_image: segment 4: paddr=000364a8 vaddr=400838c8 size=0a050h ( 41040) load[0m
[0;32mI (161) esp_image: segment 5: paddr=00040500 vaddr=50000000 size=00020h (    32) load[0m
[0;32mI (168) boot: Loaded app from partition at offset 0x10000[0m
[0;32mI (168) boot: Disabling RNG early entropy source...[0m
[0;32mI (179) cpu_start: Multicore app[0m
[0;32mI (187) cpu_start: Pro cpu start user code[0m
[0;32mI (188) cpu_start: cpu freq: 160000000 Hz[0m
[0;32mI (188) app_init: Application information:[0m
[0;32mI (188) app_init: Project name:     logging_demo[0m
[0;32mI (192) app_init: App version:      f7526bb[0m
[0;32mI (196) app_init: Compile time:     Oct 22 2025 22:52:38[0m
[0;32mI (201) app_init: ELF file SHA256:  6309b0904...[0m
[0;32mI (205) app_init: ESP-IDF:          v5.5.1[0m
[0;32mI (209) efuse_init: Min chip rev:     v0.0[0m
[0;32mI (213) efuse_init: Max chip rev:     v3.99 [0m
[0;32mI (217) efuse_init: Chip rev:         v3.0[0m
[0;32mI (221) heap_init: Initializing. RAM available for dynamic allocation:[0m
[0;32mI (227) heap_init: At 3FFAE6E0 len 00001920 (6 KiB): DRAM[0m
[0;32mI (232) heap_init: At 3FFB2DC0 len 0002D240 (180 KiB): DRAM[0m
[0;32mI (237) heap_init: At 3FFE0440 len 00003AE0 (14 KiB): D/IRAM[0m
[0;32mI (243) heap_init: At 3FFE4350 len 0001BCB0 (111 KiB): D/IRAM[0m
[0;32mI (248) heap_init: At 4008D918 len 000126E8 (73 KiB): IRAM[0m
[0;32mI (255) spi_flash: detected chip: generic[0m
[0;32mI (257) spi_flash: flash io: dio[0m
[0;33mW (260) spi_flash: Detected size(4096k) larger than the size in the binary image header(2048k). Using the size in the binary image header.[0m
[0;32mI (273) main_task: Started on CPU0[0m
[0;32mI (283) main_task: Calling app_main()[0m
[0;32mI (283) LOGGING_DEMO: === ESP32 Hello World Demo ===[0m
[0;32mI (283) LOGGING_DEMO: ESP-IDF Version: v5.5.1[0m
[0;32mI (283) LOGGING_DEMO: Chip Model: esp32[0m
[0;32mI (283) LOGGING_DEMO: Free Heap: 304852 bytes[0m
[0;32mI (293) LOGGING_DEMO: Min Free Heap: 304852 bytes[0m
[0;32mI (293) LOGGING_DEMO: Chip cores: 2[0m
[0;32mI (293) LOGGING_DEMO: Flash size: 2MB external[0m
[0;32mI (303) LOGGING_DEMO: [0m
--- Logging Levels Demo ---
[1;31mE (303) LOGGING_DEMO: This is an ERROR message - highest priority[0m
[0;33mW (313) LOGGING_DEMO: This is a WARNING message[0m
[0;32mI (313) LOGGING_DEMO: This is an INFO message - default level[0m
[0;32mI (323) LOGGING_DEMO: [0m
--- Formatted Logging Demo ---
[0;32mI (323) LOGGING_DEMO: Sensor readings:[0m
[0;32mI (333) LOGGING_DEMO:   Temperature: 25Â°C[0m
[0;32mI (333) LOGGING_DEMO:   Voltage: 3.30V[0m
[0;32mI (333) LOGGING_DEMO:   Status: OK[0m
[0;32mI (343) LOGGING_DEMO: Data dump:[0m
[0;32mI (343) LOGGING_DEMO: de ad be ef[0m
[0;32mI (343) LOGGING_DEMO: [0m
--- Conditional Logging Demo ---
[0;32mI (353) LOGGING_DEMO: System is running normally[0m
[0;32mI (383) LOGGING_DEMO: NVS initialized successfully[0m
[0;32mI (383) LOGGING_DEMO: Main loop iteration: 0[0m
[0;32mI (2383) LOGGING_DEMO: Main loop iteration: 1[0m
[0;32mI (4383) LOGGING_DEMO: Main loop iteration: 2[0m
[0;32mI (6383) LOGGING_DEMO: Main loop iteration: 3[0m
[0;32mI (8383) LOGGING_DEMO: Main loop iteration: 4[0m
[0;32mI (10383) LOGGING_DEMO: Main loop iteration: 5[0m
[0;32mI (12383) LOGGING_DEMO: Main loop iteration: 6[0m
[0;32mI (14383) LOGGING_DEMO: Main loop iteration: 7[0m
[0;32mI (16383) LOGGING_DEMO: Main loop iteration: 8[0m
[0;32mI (18383) LOGGING_DEMO: Main loop iteration: 9[0m
[0;32mI (18383) LOGGING_DEMO: Memory status - Free: 302780 bytes[0m
[0;32mI (20383) LOGGING_DEMO: Main loop iteration: 10[0m
[0;32mI (22383) LOGGING_DEMO: Main loop iteration: 11[0m
[0;32mI (24383) LOGGING_DEMO: Main loop iteration: 12[0m
[0;32mI (26383) LOGGING_DEMO: Main loop iteration: 13[0m
[0;32mI (28383) LOGGING_DEMO: Main loop iteration: 14[0m
[0;32mI (30383) LOGGING_DEMO: Main loop iteration: 15[0m
[0;32mI (32383) LOGGING_DEMO: Main loop iteration: 16[0m
[0;32mI (34383) LOGGING_DEMO: Main loop iteration: 17[0m
[0;32mI (36383) LOGGING_DEMO: Main loop iteration: 18[0m
[0;32mI (38383) LOGGING_DEMO: Main loop iteration: 19[0m
[0;32mI (38383) LOGGING_DEMO: Memory status - Free: 302780 bytes[0m
[0;33mW (38383) LOGGING_DEMO: Warning: Counter reached 20[0m
[0;32mI (40383) LOGGING_DEMO: Main loop iteration: 20[0m
[0;32mI (42383) LOGGING_DEMO: Main loop iteration: 21[0m
[0;32mI (44383) LOGGING_DEMO: Main loop iteration: 22[0m
[0;32mI (46383) LOGGING_DEMO: Main loop iteration: 23[0m
[0;32mI (48383) LOGGING_DEMO: Main loop iteration: 24[0m
[0;32mI (50383) LOGGING_DEMO: Main loop iteration: 25[0m
[0;32mI (52383) LOGGING_DEMO: Main loop iteration: 26[0m
[0;32mI (54383) LOGGING_DEMO: Main loop iteration: 27[0m
[0;32mI (56383) LOGGING_DEMO: Main loop iteration: 28[0m
[0;32mI (58383) LOGGING_DEMO: Main loop iteration: 29[0m
[0;32mI (58383) LOGGING_DEMO: Memory status - Free: 302780 bytes[0m
[0;32mI (60383) LOGGING_DEMO: Main loop iteration: 30[0m
